[    5104ms] [LOG] [shoplive plugin]: run @ https://static.yeogi.com/_next/static/chunks/pages/_app-455e621b02347b7e.js:13
[    5241ms] [ERROR] Invalid href '/event/4457/국내여행오픈런 /https://api3.goodchoice.kr/event3/web/adEventView?aevno=4457' passed to next/router in page: '/domestic-accommodations/[accommodationId]'. Repeated forward-slashes (//) or backslashes \ are not valid in the href. @ https://static.yeogi.com/_next/static/chunks/pages/_app-455e621b02347b7e.js:13
[    5245ms] [ERROR] Invalid href '/event/6322/2026 충남 트래블 페스타 /https://api3.goodchoice.kr/event3/web/adEventView?aevno=6322' passed to next/router in page: '/domestic-accommodations/[accommodationId]'. Repeated forward-slashes (//) or backslashes \ are not valid in the href. @ https://static.yeogi.com/_next/static/chunks/pages/_app-455e621b02347b7e.js:13
[    5246ms] [ERROR] Invalid href '/event/6409/10월 리뷰왕 이벤트/https://api3.goodchoice.kr/event3/web/adEventView?aevno=6409' passed to next/router in page: '/domestic-accommodations/[accommodationId]'. Repeated forward-slashes (//) or backslashes \ are not valid in the href. @ https://static.yeogi.com/_next/static/chunks/pages/_app-455e621b02347b7e.js:13
[    5247ms] [ERROR] Invalid href '/event/4457/국내여행오픈런 /https://api3.goodchoice.kr/event3/web/adEventView?aevno=4457' passed to next/router in page: '/domestic-accommodations/[accommodationId]'. Repeated forward-slashes (//) or backslashes \ are not valid in the href. @ https://static.yeogi.com/_next/static/chunks/pages/_app-455e621b02347b7e.js:13
[    5248ms] [ERROR] Invalid href '/event/6322/2026 충남 트래블 페스타 /https://api3.goodchoice.kr/event3/web/adEventView?aevno=6322' passed to next/router in page: '/domestic-accommodations/[accommodationId]'. Repeated forward-slashes (//) or backslashes \ are not valid in the href. @ https://static.yeogi.com/_next/static/chunks/pages/_app-455e621b02347b7e.js:13
[    5250ms] [ERROR] Invalid href '/event/6409/10월 리뷰왕 이벤트/https://api3.goodchoice.kr/event3/web/adEventView?aevno=6409' passed to next/router in page: '/domestic-accommodations/[accommodationId]'. Repeated forward-slashes (//) or backslashes \ are not valid in the href. @ https://static.yeogi.com/_next/static/chunks/pages/_app-455e621b02347b7e.js:13
[    5252ms] [ERROR] Invalid href '/event/4457/국내여행오픈런 /https://api3.goodchoice.kr/event3/web/adEventView?aevno=4457' passed to next/router in page: '/domestic-accommodations/[accommodationId]'. Repeated forward-slashes (//) or backslashes \ are not valid in the href. @ https://static.yeogi.com/_next/static/chunks/pages/_app-455e621b02347b7e.js:13
[    5254ms] [ERROR] Invalid href '/event/6322/2026 충남 트래블 페스타 /https://api3.goodchoice.kr/event3/web/adEventView?aevno=6322' passed to next/router in page: '/domestic-accommodations/[accommodationId]'. Repeated forward-slashes (//) or backslashes \ are not valid in the href. @ https://static.yeogi.com/_next/static/chunks/pages/_app-455e621b02347b7e.js:13
[    5255ms] [ERROR] Invalid href '/event/6409/10월 리뷰왕 이벤트/https://api3.goodchoice.kr/event3/web/adEventView?aevno=6409' passed to next/router in page: '/domestic-accommodations/[accommodationId]'. Repeated forward-slashes (//) or backslashes \ are not valid in the href. @ https://static.yeogi.com/_next/static/chunks/pages/_app-455e621b02347b7e.js:13
[    5717ms] [LOG] [[ Appsflyer Event Scrap ]] @ https://static.yeogi.com/_next/static/chunks/pages/_app-455e621b02347b7e.js:13
[    7297ms] [WARNING] Unable to create a text session because the service is not running. @ https://www.yeogi.com/domestic-accommodations/9816:0
[    7963ms] [WARNING] Unable to create a text session because the service is not running. @ https://www.yeogi.com/domestic-accommodations/9816:0
[    8356ms] [LOG] Removed existing live mini preview. @ https://static.yeogi.com/_next/static/chunks/pages/_app-455e621b02347b7e.js:13
[    8762ms] [LOG] Data added successfully @ https://static.yeogi.com/_next/static/chunks/pages/_app-455e621b02347b7e.js:13
[    8912ms] [LOG] Data added successfully @ https://static.yeogi.com/_next/static/chunks/pages/_app-455e621b02347b7e.js:13
[    8996ms] [LOG] Data added successfully @ https://static.yeogi.com/_next/static/chunks/pages/_app-455e621b02347b7e.js:13
[    9061ms] [LOG] Data added successfully @ https://static.yeogi.com/_next/static/chunks/pages/_app-455e621b02347b7e.js:13
[   10814ms] [ERROR] Failed to load resource: the server responded with a status of 429 () @ https://o371464.ingest.us.sentry.io/api/4508442330857472/envelope/?sentry_key=f769adc5d35a0840c940ffcaf1859c88&sentry_version=7&sentry_client=sentry.javascript.nextjs%2F7.120.4:0
[ 2677097ms] [ERROR] Invalid href '/event/4457/국내여행오픈런 /https://api3.goodchoice.kr/event3/web/adEventView?aevno=4457' passed to next/router in page: '/domestic-accommodations/[accommodationId]'. Repeated forward-slashes (//) or backslashes \ are not valid in the href. @ https://static.yeogi.com/_next/static/chunks/pages/_app-455e621b02347b7e.js:13
[ 2677098ms] [ERROR] Invalid href '/event/6322/2026 충남 트래블 페스타 /https://api3.goodchoice.kr/event3/web/adEventView?aevno=6322' passed to next/router in page: '/domestic-accommodations/[accommodationId]'. Repeated forward-slashes (//) or backslashes \ are not valid in the href. @ https://static.yeogi.com/_next/static/chunks/pages/_app-455e621b02347b7e.js:13
[ 2677099ms] [ERROR] Invalid href '/event/6409/10월 리뷰왕 이벤트/https://api3.goodchoice.kr/event3/web/adEventView?aevno=6409' passed to next/router in page: '/domestic-accommodations/[accommodationId]'. Repeated forward-slashes (//) or backslashes \ are not valid in the href. @ https://static.yeogi.com/_next/static/chunks/pages/_app-455e621b02347b7e.js:13
[ 2677099ms] [ERROR] Invalid href '/event/4457/국내여행오픈런 /https://api3.goodchoice.kr/event3/web/adEventView?aevno=4457' passed to next/router in page: '/domestic-accommodations/[accommodationId]'. Repeated forward-slashes (//) or backslashes \ are not valid in the href. @ https://static.yeogi.com/_next/static/chunks/pages/_app-455e621b02347b7e.js:13
[ 2677101ms] [ERROR] Invalid href '/event/6322/2026 충남 트래블 페스타 /https://api3.goodchoice.kr/event3/web/adEventView?aevno=6322' passed to next/router in page: '/domestic-accommodations/[accommodationId]'. Repeated forward-slashes (//) or backslashes \ are not valid in the href. @ https://static.yeogi.com/_next/static/chunks/pages/_app-455e621b02347b7e.js:13
[ 2677102ms] [ERROR] Invalid href '/event/6409/10월 리뷰왕 이벤트/https://api3.goodchoice.kr/event3/web/adEventView?aevno=6409' passed to next/router in page: '/domestic-accommodations/[accommodationId]'. Repeated forward-slashes (//) or backslashes \ are not valid in the href. @ https://static.yeogi.com/_next/static/chunks/pages/_app-455e621b02347b7e.js:13
[ 2677104ms] [ERROR] Invalid href '/event/4457/국내여행오픈런 /https://api3.goodchoice.kr/event3/web/adEventView?aevno=4457' passed to next/router in page: '/domestic-accommodations/[accommodationId]'. Repeated forward-slashes (//) or backslashes \ are not valid in the href. @ https://static.yeogi.com/_next/static/chunks/pages/_app-455e621b02347b7e.js:13
[ 2677105ms] [ERROR] Invalid href '/event/6322/2026 충남 트래블 페스타 /https://api3.goodchoice.kr/event3/web/adEventView?aevno=6322' passed to next/router in page: '/domestic-accommodations/[accommodationId]'. Repeated forward-slashes (//) or backslashes \ are not valid in the href. @ https://static.yeogi.com/_next/static/chunks/pages/_app-455e621b02347b7e.js:13
[ 2677106ms] [ERROR] Invalid href '/event/6409/10월 리뷰왕 이벤트/https://api3.goodchoice.kr/event3/web/adEventView?aevno=6409' passed to next/router in page: '/domestic-accommodations/[accommodationId]'. Repeated forward-slashes (//) or backslashes \ are not valid in the href. @ https://static.yeogi.com/_next/static/chunks/pages/_app-455e621b02347b7e.js:13
[ 2677389ms] [LOG] [shoplive plugin]: run @ https://static.yeogi.com/_next/static/chunks/pages/_app-455e621b02347b7e.js:13
[ 2677862ms] [LOG] [[ Appsflyer Event Scrap ]] @ https://static.yeogi.com/_next/static/chunks/pages/_app-455e621b02347b7e.js:13
[ 2679878ms] [LOG] Removed existing live mini preview. @ https://static.yeogi.com/_next/static/chunks/pages/_app-455e621b02347b7e.js:13
[ 2680716ms] [LOG] Data added successfully @ https://static.yeogi.com/_next/static/chunks/pages/_app-455e621b02347b7e.js:13
[ 2680737ms] [LOG] Data added successfully @ https://static.yeogi.com/_next/static/chunks/pages/_app-455e621b02347b7e.js:13
[ 2680756ms] [LOG] Data added successfully @ https://static.yeogi.com/_next/static/chunks/pages/_app-455e621b02347b7e.js:13
[ 2681580ms] [ERROR] Failed to load resource: the server responded with a status of 429 () @ https://o371464.ingest.us.sentry.io/api/4508442330857472/envelope/?sentry_key=f769adc5d35a0840c940ffcaf1859c88&sentry_version=7&sentry_client=sentry.javascript.nextjs%2F7.120.4:0
[ 4299176ms] [LOG] Data added successfully @ https://static.yeogi.com/_next/static/chunks/pages/_app-455e621b02347b7e.js:13
[ 4299286ms] [ERROR] Invalid href '/event/4457/국내여행오픈런 /https://api3.goodchoice.kr/event3/web/adEventView?aevno=4457' passed to next/router in page: '/domestic-accommodations/[accommodationId]'. Repeated forward-slashes (//) or backslashes \ are not valid in the href. @ https://static.yeogi.com/_next/static/chunks/pages/_app-455e621b02347b7e.js:13
[ 4299288ms] [ERROR] Invalid href '/event/6322/2026 충남 트래블 페스타 /https://api3.goodchoice.kr/event3/web/adEventView?aevno=6322' passed to next/router in page: '/domestic-accommodations/[accommodationId]'. Repeated forward-slashes (//) or backslashes \ are not valid in the href. @ https://static.yeogi.com/_next/static/chunks/pages/_app-455e621b02347b7e.js:13
[ 4299289ms] [ERROR] Invalid href '/event/6409/10월 리뷰왕 이벤트/https://api3.goodchoice.kr/event3/web/adEventView?aevno=6409' passed to next/router in page: '/domestic-accommodations/[accommodationId]'. Repeated forward-slashes (//) or backslashes \ are not valid in the href. @ https://static.yeogi.com/_next/static/chunks/pages/_app-455e621b02347b7e.js:13
[ 4299291ms] [ERROR] Invalid href '/event/4457/국내여행오픈런 /https://api3.goodchoice.kr/event3/web/adEventView?aevno=4457' passed to next/router in page: '/domestic-accommodations/[accommodationId]'. Repeated forward-slashes (//) or backslashes \ are not valid in the href. @ https://static.yeogi.com/_next/static/chunks/pages/_app-455e621b02347b7e.js:13
[ 4299292ms] [ERROR] Invalid href '/event/6322/2026 충남 트래블 페스타 /https://api3.goodchoice.kr/event3/web/adEventView?aevno=6322' passed to next/router in page: '/domestic-accommodations/[accommodationId]'. Repeated forward-slashes (//) or backslashes \ are not valid in the href. @ https://static.yeogi.com/_next/static/chunks/pages/_app-455e621b02347b7e.js:13
[ 4299292ms] [ERROR] Invalid href '/event/6409/10월 리뷰왕 이벤트/https://api3.goodchoice.kr/event3/web/adEventView?aevno=6409' passed to next/router in page: '/domestic-accommodations/[accommodationId]'. Repeated forward-slashes (//) or backslashes \ are not valid in the href. @ https://static.yeogi.com/_next/static/chunks/pages/_app-455e621b02347b7e.js:13
[ 4299293ms] [ERROR] Invalid href '/event/4457/국내여행오픈런 /https://api3.goodchoice.kr/event3/web/adEventView?aevno=4457' passed to next/router in page: '/domestic-accommodations/[accommodationId]'. Repeated forward-slashes (//) or backslashes \ are not valid in the href. @ https://static.yeogi.com/_next/static/chunks/pages/_app-455e621b02347b7e.js:13
[ 4299294ms] [ERROR] Invalid href '/event/6322/2026 충남 트래블 페스타 /https://api3.goodchoice.kr/event3/web/adEventView?aevno=6322' passed to next/router in page: '/domestic-accommodations/[accommodationId]'. Repeated forward-slashes (//) or backslashes \ are not valid in the href. @ https://static.yeogi.com/_next/static/chunks/pages/_app-455e621b02347b7e.js:13
[ 4299294ms] [ERROR] Invalid href '/event/6409/10월 리뷰왕 이벤트/https://api3.goodchoice.kr/event3/web/adEventView?aevno=6409' passed to next/router in page: '/domestic-accommodations/[accommodationId]'. Repeated forward-slashes (//) or backslashes \ are not valid in the href. @ https://static.yeogi.com/_next/static/chunks/pages/_app-455e621b02347b7e.js:13
[ 4320705ms] [LOG] Data added successfully @ https://static.yeogi.com/_next/static/chunks/pages/_app-455e621b02347b7e.js:13
[ 4320710ms] [ERROR] Invalid href '/event/4457/국내여행오픈런 /https://api3.goodchoice.kr/event3/web/adEventView?aevno=4457' passed to next/router in page: '/domestic-accommodations/[accommodationId]'. Repeated forward-slashes (//) or backslashes \ are not valid in the href. @ https://static.yeogi.com/_next/static/chunks/pages/_app-455e621b02347b7e.js:13
[ 4320710ms] [ERROR] Invalid href '/event/6322/2026 충남 트래블 페스타 /https://api3.goodchoice.kr/event3/web/adEventView?aevno=6322' passed to next/router in page: '/domestic-accommodations/[accommodationId]'. Repeated forward-slashes (//) or backslashes \ are not valid in the href. @ https://static.yeogi.com/_next/static/chunks/pages/_app-455e621b02347b7e.js:13
[ 4320711ms] [ERROR] Invalid href '/event/6409/10월 리뷰왕 이벤트/https://api3.goodchoice.kr/event3/web/adEventView?aevno=6409' passed to next/router in page: '/domestic-accommodations/[accommodationId]'. Repeated forward-slashes (//) or backslashes \ are not valid in the href. @ https://static.yeogi.com/_next/static/chunks/pages/_app-455e621b02347b7e.js:13
[ 4320711ms] [ERROR] Invalid href '/event/4457/국내여행오픈런 /https://api3.goodchoice.kr/event3/web/adEventView?aevno=4457' passed to next/router in page: '/domestic-accommodations/[accommodationId]'. Repeated forward-slashes (//) or backslashes \ are not valid in the href. @ https://static.yeogi.com/_next/static/chunks/pages/_app-455e621b02347b7e.js:13
[ 4320712ms] [ERROR] Invalid href '/event/6322/2026 충남 트래블 페스타 /https://api3.goodchoice.kr/event3/web/adEventView?aevno=6322' passed to next/router in page: '/domestic-accommodations/[accommodationId]'. Repeated forward-slashes (//) or backslashes \ are not valid in the href. @ https://static.yeogi.com/_next/static/chunks/pages/_app-455e621b02347b7e.js:13
[ 4320713ms] [ERROR] Invalid href '/event/6409/10월 리뷰왕 이벤트/https://api3.goodchoice.kr/event3/web/adEventView?aevno=6409' passed to next/router in page: '/domestic-accommodations/[accommodationId]'. Repeated forward-slashes (//) or backslashes \ are not valid in the href. @ https://static.yeogi.com/_next/static/chunks/pages/_app-455e621b02347b7e.js:13
[ 4320714ms] [ERROR] Invalid href '/event/4457/국내여행오픈런 /https://api3.goodchoice.kr/event3/web/adEventView?aevno=4457' passed to next/router in page: '/domestic-accommodations/[accommodationId]'. Repeated forward-slashes (//) or backslashes \ are not valid in the href. @ https://static.yeogi.com/_next/static/chunks/pages/_app-455e621b02347b7e.js:13
[ 4320715ms] [ERROR] Invalid href '/event/6322/2026 충남 트래블 페스타 /https://api3.goodchoice.kr/event3/web/adEventView?aevno=6322' passed to next/router in page: '/domestic-accommodations/[accommodationId]'. Repeated forward-slashes (//) or backslashes \ are not valid in the href. @ https://static.yeogi.com/_next/static/chunks/pages/_app-455e621b02347b7e.js:13
[ 4320716ms] [ERROR] Invalid href '/event/6409/10월 리뷰왕 이벤트/https://api3.goodchoice.kr/event3/web/adEventView?aevno=6409' passed to next/router in page: '/domestic-accommodations/[accommodationId]'. Repeated forward-slashes (//) or backslashes \ are not valid in the href. @ https://static.yeogi.com/_next/static/chunks/pages/_app-455e621b02347b7e.js:13
[ 4321434ms] [LOG] Data added successfully @ https://static.yeogi.com/_next/static/chunks/pages/_app-455e621b02347b7e.js:13
[ 4321474ms] [ERROR] Invalid href '/event/4457/국내여행오픈런 /https://api3.goodchoice.kr/event3/web/adEventView?aevno=4457' passed to next/router in page: '/domestic-accommodations/[accommodationId]'. Repeated forward-slashes (//) or backslashes \ are not valid in the href. @ https://static.yeogi.com/_next/static/chunks/pages/_app-455e621b02347b7e.js:13
[ 4321475ms] [ERROR] Invalid href '/event/6322/2026 충남 트래블 페스타 /https://api3.goodchoice.kr/event3/web/adEventView?aevno=6322' passed to next/router in page: '/domestic-accommodations/[accommodationId]'. Repeated forward-slashes (//) or backslashes \ are not valid in the href. @ https://static.yeogi.com/_next/static/chunks/pages/_app-455e621b02347b7e.js:13
[ 4321477ms] [ERROR] Invalid href '/event/6409/10월 리뷰왕 이벤트/https://api3.goodchoice.kr/event3/web/adEventView?aevno=6409' passed to next/router in page: '/domestic-accommodations/[accommodationId]'. Repeated forward-slashes (//) or backslashes \ are not valid in the href. @ https://static.yeogi.com/_next/static/chunks/pages/_app-455e621b02347b7e.js:13
[ 4321483ms] [ERROR] Invalid href '/event/4457/국내여행오픈런 /https://api3.goodchoice.kr/event3/web/adEventView?aevno=4457' passed to next/router in page: '/domestic-accommodations/[accommodationId]'. Repeated forward-slashes (//) or backslashes \ are not valid in the href. @ https://static.yeogi.com/_next/static/chunks/pages/_app-455e621b02347b7e.js:13
[ 4321484ms] [ERROR] Invalid href '/event/6322/2026 충남 트래블 페스타 /https://api3.goodchoice.kr/event3/web/adEventView?aevno=6322' passed to next/router in page: '/domestic-accommodations/[accommodationId]'. Repeated forward-slashes (//) or backslashes \ are not valid in the href. @ https://static.yeogi.com/_next/static/chunks/pages/_app-455e621b02347b7e.js:13
[ 4321486ms] [ERROR] Invalid href '/event/6409/10월 리뷰왕 이벤트/https://api3.goodchoice.kr/event3/web/adEventView?aevno=6409' passed to next/router in page: '/domestic-accommodations/[accommodationId]'. Repeated forward-slashes (//) or backslashes \ are not valid in the href. @ https://static.yeogi.com/_next/static/chunks/pages/_app-455e621b02347b7e.js:13
[ 4321486ms] [ERROR] Invalid href '/event/4457/국내여행오픈런 /https://api3.goodchoice.kr/event3/web/adEventView?aevno=4457' passed to next/router in page: '/domestic-accommodations/[accommodationId]'. Repeated forward-slashes (//) or backslashes \ are not valid in the href. @ https://static.yeogi.com/_next/static/chunks/pages/_app-455e621b02347b7e.js:13
[ 4321496ms] [ERROR] Invalid href '/event/6322/2026 충남 트래블 페스타 /https://api3.goodchoice.kr/event3/web/adEventView?aevno=6322' passed to next/router in page: '/domestic-accommodations/[accommodationId]'. Repeated forward-slashes (//) or backslashes \ are not valid in the href. @ https://static.yeogi.com/_next/static/chunks/pages/_app-455e621b02347b7e.js:13
[ 4321498ms] [ERROR] Invalid href '/event/6409/10월 리뷰왕 이벤트/https://api3.goodchoice.kr/event3/web/adEventView?aevno=6409' passed to next/router in page: '/domestic-accommodations/[accommodationId]'. Repeated forward-slashes (//) or backslashes \ are not valid in the href. @ https://static.yeogi.com/_next/static/chunks/pages/_app-455e621b02347b7e.js:13
[ 4600496ms] [LOG] Data added successfully @ https://static.yeogi.com/_next/static/chunks/pages/_app-455e621b02347b7e.js:13
[ 4600610ms] [ERROR] Invalid href '/event/4457/국내여행오픈런 /https://api3.goodchoice.kr/event3/web/adEventView?aevno=4457' passed to next/router in page: '/domestic-accommodations/[accommodationId]'. Repeated forward-slashes (//) or backslashes \ are not valid in the href. @ https://static.yeogi.com/_next/static/chunks/pages/_app-455e621b02347b7e.js:13
[ 4600610ms] [ERROR] Invalid href '/event/6322/2026 충남 트래블 페스타 /https://api3.goodchoice.kr/event3/web/adEventView?aevno=6322' passed to next/router in page: '/domestic-accommodations/[accommodationId]'. Repeated forward-slashes (//) or backslashes \ are not valid in the href. @ https://static.yeogi.com/_next/static/chunks/pages/_app-455e621b02347b7e.js:13
[ 4600610ms] [ERROR] Invalid href '/event/6409/10월 리뷰왕 이벤트/https://api3.goodchoice.kr/event3/web/adEventView?aevno=6409' passed to next/router in page: '/domestic-accommodations/[accommodationId]'. Repeated forward-slashes (//) or backslashes \ are not valid in the href. @ https://static.yeogi.com/_next/static/chunks/pages/_app-455e621b02347b7e.js:13
[ 4600611ms] [ERROR] Invalid href '/event/4457/국내여행오픈런 /https://api3.goodchoice.kr/event3/web/adEventView?aevno=4457' passed to next/router in page: '/domestic-accommodations/[accommodationId]'. Repeated forward-slashes (//) or backslashes \ are not valid in the href. @ https://static.yeogi.com/_next/static/chunks/pages/_app-455e621b02347b7e.js:13
[ 4600611ms] [ERROR] Invalid href '/event/6322/2026 충남 트래블 페스타 /https://api3.goodchoice.kr/event3/web/adEventView?aevno=6322' passed to next/router in page: '/domestic-accommodations/[accommodationId]'. Repeated forward-slashes (//) or backslashes \ are not valid in the href. @ https://static.yeogi.com/_next/static/chunks/pages/_app-455e621b02347b7e.js:13
[ 4600611ms] [ERROR] Invalid href '/event/6409/10월 리뷰왕 이벤트/https://api3.goodchoice.kr/event3/web/adEventView?aevno=6409' passed to next/router in page: '/domestic-accommodations/[accommodationId]'. Repeated forward-slashes (//) or backslashes \ are not valid in the href. @ https://static.yeogi.com/_next/static/chunks/pages/_app-455e621b02347b7e.js:13
[ 4600612ms] [ERROR] Invalid href '/event/4457/국내여행오픈런 /https://api3.goodchoice.kr/event3/web/adEventView?aevno=4457' passed to next/router in page: '/domestic-accommodations/[accommodationId]'. Repeated forward-slashes (//) or backslashes \ are not valid in the href. @ https://static.yeogi.com/_next/static/chunks/pages/_app-455e621b02347b7e.js:13
[ 4600612ms] [ERROR] Invalid href '/event/6322/2026 충남 트래블 페스타 /https://api3.goodchoice.kr/event3/web/adEventView?aevno=6322' passed to next/router in page: '/domestic-accommodations/[accommodationId]'. Repeated forward-slashes (//) or backslashes \ are not valid in the href. @ https://static.yeogi.com/_next/static/chunks/pages/_app-455e621b02347b7e.js:13
[ 4600613ms] [ERROR] Invalid href '/event/6409/10월 리뷰왕 이벤트/https://api3.goodchoice.kr/event3/web/adEventView?aevno=6409' passed to next/router in page: '/domestic-accommodations/[accommodationId]'. Repeated forward-slashes (//) or backslashes \ are not valid in the href. @ https://static.yeogi.com/_next/static/chunks/pages/_app-455e621b02347b7e.js:13
